// Jest Snapshot v1, https://goo.gl/fbAQLP

exports[`fetchFeed(private):成功 1`] = `
{
  "rss": {
    "$": {
      "version": "2.0",
      "xmlns:atom": "http://www.w3.org/2005/Atom",
      "xmlns:content": "http://purl.org/rss/1.0/modules/content/",
      "xmlns:dc": "http://purl.org/dc/elements/1.1/",
      "xmlns:slash": "http://purl.org/rss/1.0/modules/slash/",
      "xmlns:sy": "http://purl.org/rss/1.0/modules/syndication/",
      "xmlns:wfw": "http://wellformedweb.org/CommentAPI/",
    },
    "channel": [
      {
        "copyright": [
          "Copyright 2019",
        ],
        "description": [
          "Just another WordPress site",
        ],
        "docs": [
          "http://blogs.law.harvard.edu/tech/rss",
        ],
        "generator": [
          "https://wordpress.org/?v=4.6",
        ],
        "item": [
          {
            "category": [
              "se_n-air",
            ],
            "description": [
              "description 1",
            ],
            "guid": [
              "",
            ],
            "link": [
              "https://blog.nicovideo.jp/niconews/103886.html",
            ],
            "pubDate": [
              "Thu, 14 Mar 2019 15:13:09 +0900",
            ],
            "title": [
              "【復旧】N Air起動時に回答済みのアンケートが表示される不具合",
            ],
          },
          {
            "category": [
              "se_n-air",
            ],
            "description": [
              "description 2",
            ],
            "guid": [
              "",
            ],
            "link": [
              "https://blog.nicovideo.jp/niconews/100729.html",
            ],
            "pubDate": [
              "Mon, 04 Feb 2019 17:07:57 +0900",
            ],
            "title": [
              "【ユーザー生放送】サーバー再起動のお知らせ",
            ],
          },
          {
            "category": [
              "se_n-air",
            ],
            "description": [
              "description 3",
            ],
            "guid": [
              "",
            ],
            "link": [
              "https://blog.nicovideo.jp/niconews/95792.html",
            ],
            "pubDate": [
              "Fri, 07 Dec 2018 18:52:11 +0900",
            ],
            "title": [
              "【N Air】［出力モード］を［詳細］にした場合に、映像ビットレートが2500kbps以外に設定できない場合がある不具合",
            ],
          },
          {
            "category": [
              "se_n-air",
            ],
            "description": [
              "description 4",
            ],
            "guid": [
              "",
            ],
            "link": [
              "https://blog.nicovideo.jp/niconews/91225.html",
            ],
            "pubDate": [
              "Tue, 23 Oct 2018 13:44:02 +0900",
            ],
            "title": [
              "【N Air】配信設定をニコニコ生放送に自動で最適化する機能を改善しました",
            ],
          },
        ],
        "language": [
          "ja",
        ],
        "lastBuildDate": [
          "Thu, 14 Mar 2019 15:13:46 +0900",
        ],
        "link": [
          "https://blog.nicovideo.jp/niconews/",
        ],
        "title": [
          "19. N Air – ニコニコインフォ",
        ],
      },
    ],
  },
}
`;

exports[`updateInformations:成功 1`] = `
[
  [
    {
      "date": 1552543989000,
      "title": "【復旧】N Air起動時に回答済みのアンケートが表示される不具合",
      "url": "https: //blog.nicovideo.jp/niconews/103886.html",
    },
    {
      "date": 1549267677000,
      "title": "【ユーザー生放送】サーバー再起動のお知らせ",
      "url": "https://blog.nicovideo.jp/niconews/100729.html",
    },
    {
      "date": 1544176331000,
      "title": "【N Air】［出力モード］を［詳細］にした場合に、映像ビットレートが2500kbps以外に設定できない場合がある不具合",
      "url": "https: //blog.nicovideo.jp/niconews/95792.html",
    },
    {
      "date": 1540269842000,
      "title": "【N Air】配信設定をニコニコ生放送に自動で最適化する機能を改善しました",
      "url": "https://blog.nicovideo.jp/niconews/91225.html",
    },
  ],
]
`;
