// Jest Snapshot v1, https://goo.gl/fbAQLP

exports[`setupStreamSettingsでストリーム情報がとれた場合 1`] = `
[
  "Stream",
  [
    {
      "nameSubCategory": "Untitled",
      "parameters": [
        {
          "name": "service",
          "value": "niconico ニコニコ生放送",
        },
        {
          "name": "server",
          "value": "url1",
        },
        {
          "name": "key",
          "value": "key1",
        },
      ],
    },
  ],
]
`;

exports[`setupStreamSettingsで番組取得にリトライで成功する場合 1`] = `
[
  "Stream",
  [
    {
      "nameSubCategory": "Untitled",
      "parameters": [
        {
          "name": "service",
          "value": "niconico ニコニコ生放送",
        },
        {
          "name": "server",
          "value": "url1",
        },
        {
          "name": "key",
          "value": "key1",
        },
      ],
    },
  ],
]
`;
