// Jest Snapshot v1, https://goo.gl/fbAQLP

exports[`load 1`] = `
{
  "en-US": "English",
  "ja-JP": "日本語",
}
`;
